Logging to: test_results/models_p1_moe_Teacher_MobileHDR_20260619_0059/log.txt

Loading checkpoint: models_p1_moe_Teacher_MobileHDR_20260619_0059/phase1_best.pth
  Checkpoint mode: 'moe'  num_experts=2
  Model kwargs:    {'dim': 32, 'num_blocks': [4, 4, 4, 4], 'num_refinement_blocks': 4, 'heads': [1, 2, 4, 8], 'se_reduction': 8}
  Weights loaded.

Estimating model complexity...
  Parameters:             20.66 M
  FLOPs (one 1024x1024 patch): 864.76 GFLOPs

Loading test dataset...
  28 test samples found.

================================================================================
   #   PSNR-raw-µ(noisy)  PSNR-raw-µ  PSNR-rgb-µ          gate usage   Time(s)
================================================================================
   1               12.48       21.65       19.32           0.12/0.88     0.291s
   2               12.68       21.18       18.49           0.23/0.77     0.107s
   3               12.76       21.14       18.54           0.24/0.76     0.107s
   4               12.91       21.25       18.62           0.35/0.65     0.116s
   5               12.44       20.06       17.40           0.19/0.81     0.107s
   6               13.78       21.94       18.93           0.68/0.32     0.115s
   7               12.32       23.97       21.07           0.15/0.85     0.107s
   8               12.15       23.17       20.68           0.15/0.85     0.107s
   9               12.15       19.80       17.22           0.33/0.67     0.107s
  10               12.85       23.00       20.26           0.20/0.80     0.107s
  11               13.01       28.90       25.81           0.21/0.79     0.107s
  12               13.27       23.38       20.80           0.22/0.78     0.107s
  13               13.45       25.58       22.74           0.27/0.73     0.107s
  14               12.49       22.35       19.69           0.15/0.85     0.101s
  15               12.48       23.00       20.36           0.10/0.90     0.101s
  16               12.48       26.39       23.83           0.07/0.93     0.101s
  17               12.34       23.55       21.04           0.08/0.92     0.097s
  18               12.49       23.91       21.42           0.08/0.92     0.097s
  19               12.16       24.69       21.88           0.14/0.86     0.097s
  20               12.97       20.91       18.04           0.61/0.39     0.097s
  21               12.39       19.76       17.18           0.45/0.55     0.098s
  22               12.69       25.50       22.64           0.09/0.91     0.097s
  23               12.19       18.67       16.55           0.24/0.76     0.097s
  24               13.07       27.78       25.18           0.25/0.75     0.097s
  25               12.24       21.54       19.28           0.19/0.81     0.097s
  26               12.67       23.50       21.21           0.13/0.87     0.097s
  27               12.45       29.53       27.80           0.06/0.94     0.085s
  28               12.44       26.34       23.61           0.07/0.93     0.085s

=================================================================
     FINAL RESULTS  [MOE mode | K=2 | mu=5000]
=================================================================
  Samples evaluated:      28
  Total time:             3.04s
  Avg time / image:       0.108s
  GFLOPs / patch:         864.76

  ── Noisy Baseline ────────────────────────────────────
  PSNR-µ=5000 (RAW):    12.6359 dB
  PSNR-µ=5000 (RGB):    13.0810 dB

  ── RAW Bayer Domain ──────────────────────────────────
  PSNR-linear:            35.2878 dB
  PSNR-µ=5000:          23.3016 dB  (delta +10.67 dB)
  SSIM-linear:            0.8531
  SSIM-µ=5000:          0.6091

  ── RGB Domain (post GBTF demosaic) ───────────────────
  PSNR-linear:            35.7167 dB
  PSNR-µ=5000:          20.6984 dB  (delta +7.62 dB)
  SSIM-linear:            0.8511
  SSIM-µ=5000:          0.5356

  ── Expert Routing ────────────────────────────────────
  Avg % pixels with SNR < 0.5:  99.2%
  Expert 0:  gate usage  21.5%   PSNR-µ=5000 4.9458 dB
  Expert 1:  gate usage  78.5%   PSNR-µ=5000 15.6895 dB
=================================================================

  Full per-sample results: test_results/models_p1_moe_Teacher_MobileHDR_20260619_0059/results.csv
  RGB visuals saved to:    test_results/models_p1_moe_Teacher_MobileHDR_20260619_0059/rgb/
  Log saved to:            test_results/models_p1_moe_Teacher_MobileHDR_20260619_0059/log.txt
