Logging to: test_results/models_p1_moe_Teacher_MobileHDR_20260605_0848/log.txt

Loading checkpoint: models_p1_moe_Teacher_MobileHDR_20260605_0848/phase1_best.pth
  Checkpoint mode: 'moe'  num_experts=2
  Model kwargs:    {'dim': 32, 'num_blocks': [4, 4, 4, 4], 'num_refinement_blocks': 4, 'heads': [1, 2, 4, 8], 'se_reduction': 8}
  Weights loaded.

Estimating model complexity...
  Parameters:             39.36 M
  FLOPs (one 1024x1024 patch): 1573.99 GFLOPs

Loading test dataset...
  28 test samples found.

================================================================================
   #   PSNR-raw-µ(noisy)  PSNR-raw-µ  PSNR-rgb-µ          gate usage   Time(s)
================================================================================
   1               12.48       12.90       13.29           0.69/0.31     0.562s
   2               12.68       13.16       13.43           0.55/0.45     0.199s
   3               12.76       13.12       13.40           0.54/0.46     0.199s
   4               12.91       14.20       14.18           0.43/0.57     0.212s
   5               12.44       12.68       12.95           0.45/0.55     0.199s
   6               13.78       15.75       15.18           0.22/0.78     0.211s
   7               12.32       14.80       15.02           0.75/0.25     0.198s
   8               12.15       15.30       15.50           0.75/0.25     0.199s
   9               12.15       14.23       14.01           0.39/0.61     0.198s
  10               12.85       14.03       14.39           0.69/0.31     0.199s
  11               13.01       16.27       16.62           0.78/0.22     0.198s
  12               13.27       13.79       14.33           0.67/0.33     0.198s
  13               13.45       14.67       15.07           0.70/0.30     0.198s
  14               12.49       13.06       13.41           0.65/0.35     0.187s
  15               12.48       13.40       13.83           0.77/0.23     0.188s
  16               12.48       14.61       15.09           0.87/0.13     0.187s
  17               12.34       13.77       14.16           0.79/0.21     0.181s
  18               12.49       13.52       13.96           0.80/0.20     0.180s
  19               12.16       15.48       15.64           0.76/0.24     0.180s
  20               12.97       15.79       15.03           0.19/0.81     0.180s
  21               12.39       14.16       13.91           0.25/0.75     0.180s
  22               12.69       13.30       13.83           0.82/0.18     0.180s
  23               12.19       12.96       13.13           0.41/0.59     0.179s
  24               13.07       16.55       16.89           0.73/0.27     0.179s
  25               12.24       14.85       14.94           0.61/0.39     0.179s
  26               12.67       13.61       14.06           0.76/0.24     0.180s
  27               12.45       16.29       16.82           0.93/0.07     0.156s
  28               12.44       14.77       15.18           0.87/0.13     0.155s

=================================================================
     FINAL RESULTS  [MOE mode | K=2 | mu=5000]
=================================================================
  Samples evaluated:      28
  Total time:             5.64s
  Avg time / image:       0.201s
  GFLOPs / patch:         1573.99

  ── Noisy Baseline ────────────────────────────────────
  PSNR-µ=5000 (RAW):    12.6359 dB
  PSNR-µ=5000 (RGB):    13.0810 dB

  ── RAW Bayer Domain ──────────────────────────────────
  PSNR-linear:            35.8273 dB
  PSNR-µ=5000:          14.3225 dB  (delta +1.69 dB)
  SSIM-linear:            0.8611
  SSIM-µ=5000:          0.0851

  ── RGB Domain (post GBTF demosaic) ───────────────────
  PSNR-linear:            36.2673 dB
  PSNR-µ=5000:          14.5437 dB  (delta +1.46 dB)
  SSIM-linear:            0.8513
  SSIM-µ=5000:          0.0827

  ── Expert Routing ────────────────────────────────────
  Avg % pixels with SNR < 0.5:  99.2%
  Expert 0:  gate usage  63.6%   PSNR-µ=5000 9.6953 dB
  Expert 1:  gate usage  36.4%   PSNR-µ=5000 11.6892 dB
=================================================================

  Full per-sample results: test_results/models_p1_moe_Teacher_MobileHDR_20260605_0848/results.csv
  RGB visuals saved to:    test_results/models_p1_moe_Teacher_MobileHDR_20260605_0848/rgb/
  Log saved to:            test_results/models_p1_moe_Teacher_MobileHDR_20260605_0848/log.txt
